// Jest Snapshot v1, https://goo.gl/fbAQLP

exports[`it renders 1`] = `
<div
  className="teal current-temp statistic"
>
  <div
    className="value"
  >
    50
    %
  </div>
  <div
    className="label"
  >
    Humidity 
    <i
      className="tint icon"
    />
  </div>
</div>
`;
